7783  16:14:46.092212 epoll_pwait(4,  <unfinished ...>
7112  16:14:46.092235 futex(0xc003480160, FUTEX_WAIT_PRIVATE, 0, NULL <unfinished ...>
7111  16:14:46.092244 futex(0xc0012b3160, FUTEX_WAIT_PRIVATE, 0, NULL <unfinished ...>
7110  16:14:46.092248 futex(0x6e3adb8, FUTEX_WAIT_PRIVATE, 0, NULL <unfinished ...>
7109  16:14:46.092252 futex(0xc000f7c160, FUTEX_WAIT_PRIVATE, 0, NULL <unfinished ...>
7108  16:14:46.092257 futex(0x6e3b060, FUTEX_WAIT_PRIVATE, 0, NULL <unfinished ...>
7107  16:14:46.092262 futex(0xc001200160, FUTEX_WAIT_PRIVATE, 0, NULL <unfinished ...>
7106  16:14:46.092266 futex(0xc001188160, FUTEX_WAIT_PRIVATE, 0, NULL <unfinished ...>
7105  16:14:46.092270 futex(0xc001100160, FUTEX_WAIT_PRIVATE, 0, NULL <unfinished ...>
7104  16:14:46.092274 futex(0xc000420960, FUTEX_WAIT_PRIVATE, 0, NULL <unfinished ...>
7103  16:14:46.092279 futex(0xc0000b3960, FUTEX_WAIT_PRIVATE, 0, NULL <unfinished ...>
7102  16:14:46.092283 futex(0xc000580160, FUTEX_WAIT_PRIVATE, 0, NULL <unfinished ...>
7101  16:14:46.092286 futex(0xc000500160, FUTEX_WAIT_PRIVATE, 0, NULL <unfinished ...>
7100  16:14:46.092290 futex(0xc000420160, FUTEX_WAIT_PRIVATE, 0, NULL <unfinished ...>
7099  16:14:46.092294 futex(0xc0000b3160, FUTEX_WAIT_PRIVATE, 0, NULL <unfinished ...>
7098  16:14:46.092297 futex(0xc0000b2960, FUTEX_WAIT_PRIVATE, 0, NULL <unfinished ...>
7097  16:14:46.092301 restart_syscall(<... resuming interrupted read ...> <unfinished ...>
7096  16:14:46.092305 futex(0x6df42b8, FUTEX_WAIT_PRIVATE, 0, NULL <unfinished ...>
7095  16:14:46.092309 ppoll([{fd=-1}, {fd=12, events=POLLIN}, {fd=9, events=POLLIN}], 3, NULL, NULL, 8 <unfinished ...>
7094  16:14:46.092329 ppoll([{fd=11, events=POLLIN}, {fd=3, events=POLLIN}, {fd=9, events=POLLIN}, {fd=8, events=POLLIN}], 4, NULL, NULL, 8 <unfinished ...>
7783  16:14:46.092338 <... epoll_pwait resumed>[], 128, 0, NULL, 0) = 0 <0.000103>
7783  16:14:46.092351 epoll_pwait(4,  <unfinished ...>
7097  16:14:46.547815 <... restart_syscall resumed>) = -1 ETIMEDOUT (Connection timed out) <0.455502>
7783  16:14:46.547937 <... epoll_pwait resumed>[], 128, 455, NULL, 0) = 0 <0.455582>
7097  16:14:46.547977 nanosleep({tv_sec=0, tv_nsec=20000},  <unfinished ...>
7783  16:14:46.547995 epoll_pwait(4, [], 128, 0, NULL, 0) = 0 <0.000014>
7783  16:14:46.548033 futex(0xc000580160, FUTEX_WAKE_PRIVATE, 1) = 1 <0.000013>
7783  16:14:46.548073 epoll_pwait(4,  <unfinished ...>
7102  16:14:46.548078 <... futex resumed>) = 0 <0.455791>
7783  16:14:46.548085 <... epoll_pwait resumed>[], 128, 0, NULL, 0) = 0 <0.000008>
7097  16:14:46.548093 <... nanosleep resumed>NULL) = 0 <0.000099>
7102  16:14:46.548098 epoll_pwait(4,  <unfinished ...>
7783  16:14:46.548105 epoll_pwait(4,  <unfinished ...>
7102  16:14:46.548112 <... epoll_pwait resumed>[], 128, 0, NULL, 0) = 0 <0.000009>
7097  16:14:46.548117 nanosleep({tv_sec=0, tv_nsec=20000},  <unfinished ...>
7102  16:14:46.548126 write(5, "\1\0\0\0\0\0\0\0", 8 <unfinished ...>
7783  16:14:46.548148 <... epoll_pwait resumed>[{events=EPOLLIN, data={u32=115574912, u64=115574912}}], 128, 536, NULL, 0) = 1 <0.000038>
7102  16:14:46.548157 <... write resumed>) = 8 <0.000024>
7783  16:14:46.548163 read(5,  <unfinished ...>
7102  16:14:46.548170 futex(0xc000580160, FUTEX_WAIT_PRIVATE, 0, NULL <unfinished ...>
7783  16:14:46.548177 <... read resumed>"\1\0\0\0\0\0\0\0", 8) = 8 <0.000009>
7783  16:14:46.548192 epoll_pwait(4, [], 128, 0, NULL, 0) = 0 <0.000009>
7097  16:14:46.548208 <... nanosleep resumed>NULL) = 0 <0.000085>
7783  16:14:46.548219 epoll_pwait(4,  <unfinished ...>
7097  16:14:46.548224 futex(0x6e03960, FUTEX_WAIT_PRIVATE, 0, {tv_sec=0, tv_nsec=8668426} <unfinished ...>
7783  16:14:46.556298 <... epoll_pwait resumed>[], 128, 8, NULL, 0) = 0 <0.008073>
7783  16:14:46.556326 epoll_pwait(4, [], 128, 0, NULL, 0) = 0 <0.000010>
7783  16:14:46.556353 epoll_pwait(4,  <unfinished ...>
7097  16:14:46.557271 <... futex resumed>) = -1 ETIMEDOUT (Connection timed out) <0.009042>
7097  16:14:46.557292 nanosleep({tv_sec=0, tv_nsec=20000}, NULL) = 0 <0.000096>
7783  16:14:46.557416 <... epoll_pwait resumed>[], 128, 1, NULL, 0) = 0 <0.001060>
7097  16:14:46.557430 nanosleep({tv_sec=0, tv_nsec=20000},  <unfinished ...>
7783  16:14:46.557437 futex(0xc000580160, FUTEX_WAKE_PRIVATE, 1) = 1 <0.000007>
7783  16:14:46.557460 epoll_pwait(4,  <unfinished ...>
7102  16:14:46.557464 <... futex resumed>) = 0 <0.009289>
7783  16:14:46.557469 <... epoll_pwait resumed>[], 128, 0, NULL, 0) = 0 <0.000005>
7783  16:14:46.557478 epoll_pwait(4,  <unfinished ...>
7102  16:14:46.557482 epoll_pwait(4, [], 128, 0, NULL, 0) = 0 <0.000007>
7102  16:14:46.557503 write(5, "\1\0\0\0\0\0\0\0", 8 <unfinished ...>
7783  16:14:46.557517 <... epoll_pwait resumed>[{events=EPOLLIN, data={u32=115574912, u64=115574912}}], 128, 991, NULL, 0) = 1 <0.000035>
7102  16:14:46.557523 <... write resumed>) = 8 <0.000015>
7097  16:14:46.557527 <... nanosleep resumed>NULL) = 0 <0.000092>
7783  16:14:46.557532 read(5,  <unfinished ...>
7102  16:14:46.557536 futex(0xc000580160, FUTEX_WAIT_PRIVATE, 0, NULL <unfinished ...>
7783  16:14:46.557541 <... read resumed>"\1\0\0\0\0\0\0\0", 8) = 8 <0.000006>
7097  16:14:46.557546 futex(0x6e03960, FUTEX_WAIT_PRIVATE, 0, {tv_sec=0, tv_nsec=527062266} <unfinished ...>
7783  16:14:46.557552 epoll_pwait(4, [], 128, 0, NULL, 0) = 0 <0.000006>
7783  16:14:46.557570 epoll_pwait(4,  <unfinished ...>
7097  16:14:47.084767 <... futex resumed>) = -1 ETIMEDOUT (Connection timed out) <0.527208>
7097  16:14:47.084836 nanosleep({tv_sec=0, tv_nsec=20000}, NULL) = 0 <0.000115>
7097  16:14:47.084997 nanosleep({tv_sec=0, tv_nsec=20000},  <unfinished ...>
7783  16:14:47.085113 <... epoll_pwait resumed>[], 128, 527, NULL, 0) = 0 <0.527537>
7097  16:14:47.085127 <... nanosleep resumed>NULL) = 0 <0.000116>
7783  16:14:47.085146 futex(0xc000580160, FUTEX_WAKE_PRIVATE, 1 <unfinished ...>
7097  16:14:47.085153 nanosleep({tv_sec=0, tv_nsec=20000},  <unfinished ...>
7783  16:14:47.085164 <... futex resumed>) = 1 <0.000012>
7783  16:14:47.085190 newfstatat(AT_FDCWD, "/mnt/minio1/.minio.sys/format.json",  <unfinished ...>
7102  16:14:47.085212 <... futex resumed>) = 0 <0.527672>
7783  16:14:47.085227 <... newfstatat resumed>{st_mode=S_IFREG|0644, st_size=232, ...}, AT_SYMLINK_NOFOLLOW) = 0 <0.000016>
7102  16:14:47.085236 epoll_pwait(4,  <unfinished ...>
7097  16:14:47.085241 <... nanosleep resumed>NULL) = 0 <0.000079>
7102  16:14:47.085251 <... epoll_pwait resumed>[], 128, 0, NULL, 0) = 0 <0.000012>
7097  16:14:47.085255 getpid( <unfinished ...>
7783  16:14:47.085260 epoll_pwait(4,  <unfinished ...>
7102  16:14:47.085265 epoll_pwait(4,  <unfinished ...>
7097  16:14:47.085269 <... getpid resumed>) = 7096 <0.000010>
7783  16:14:47.085274 <... epoll_pwait resumed>[], 128, 0, NULL, 0) = 0 <0.000011>
7097  16:14:47.085279 tgkill(7096, 7783, SIGURG <unfinished ...>
7783  16:14:47.085284 futex(0xc001079160, FUTEX_WAIT_PRIVATE, 0, NULL <unfinished ...>
7097  16:14:47.085293 <... tgkill resumed>) = 0 <0.000010>
7783  16:14:47.085298 <... futex resumed>) = ? ERESTARTSYS (To be restarted if SA_RESTART is set) <0.000010>
7097  16:14:47.085304 nanosleep({tv_sec=0, tv_nsec=20000},  <unfinished ...>
7783  16:14:47.085310 --- SIGURG {si_signo=SIGURG, si_code=SI_TKILL, si_pid=7096, si_uid=0} ---
7783  16:14:47.085326 rt_sigreturn({mask=[]}) = 202 <0.000009>
7783  16:14:47.085352 futex(0xc001079160, FUTEX_WAIT_PRIVATE, 0, NULL <unfinished ...>
7097  16:14:47.085387 <... nanosleep resumed>NULL) = 0 <0.000078>
7097  16:14:47.085397 futex(0x6e03960, FUTEX_WAIT_PRIVATE, 0, {tv_sec=0, tv_nsec=457374825} <unfinished ...>
7102  16:14:47.542960 <... epoll_pwait resumed>[], 128, 457, NULL, 0) = 0 <0.457682>
7097  16:14:47.543006 <... futex resumed>) = -1 ETIMEDOUT (Connection timed out) <0.457604>
7102  16:14:47.543048 epoll_pwait(4,  <unfinished ...>
7097  16:14:47.543054 nanosleep({tv_sec=0, tv_nsec=20000},  <unfinished ...>
7102  16:14:47.543074 <... epoll_pwait resumed>[], 128, 0, NULL, 0) = 0 <0.000020>
7102  16:14:47.543093 futex(0xc001079160, FUTEX_WAKE_PRIVATE, 1) = 1 <0.000011>
7102  16:14:47.543127 epoll_pwait(4,  <unfinished ...>
7783  16:14:47.543134 <... futex resumed>) = 0 <0.457778>
7102  16:14:47.543153 <... epoll_pwait resumed>[], 128, 0, NULL, 0) = 0 <0.000021>
7783  16:14:47.543166 epoll_pwait(4,  <unfinished ...>
7102  16:14:47.543171 epoll_pwait(4,  <unfinished ...>
7097  16:14:47.543176 <... nanosleep resumed>NULL) = 0 <0.000104>
7783  16:14:47.543182 <... epoll_pwait resumed>[], 128, 0, NULL, 0) = 0 <0.000012>
7097  16:14:47.543190 nanosleep({tv_sec=0, tv_nsec=20000},  <unfinished ...>
7783  16:14:47.543199 futex(0xc001079160, FUTEX_WAIT_PRIVATE, 0, NULL <unfinished ...>
7097  16:14:47.543281 <... nanosleep resumed>NULL) = 0 <0.000084>
7097  16:14:47.543299 futex(0x6e03960, FUTEX_WAIT_PRIVATE, 0, {tv_sec=0, tv_nsec=5984457} <unfinished ...>
7102  16:14:47.549256 <... epoll_pwait resumed>[], 128, 6, NULL, 0) = 0 <0.006078>
7102  16:14:47.549295 futex(0xc001079160, FUTEX_WAKE_PRIVATE, 1) = 1 <0.000011>
7102  16:14:47.549333 epoll_pwait(4, [], 128, 0, NULL, 0) = 0 <0.000010>
7102  16:14:47.549362 epoll_pwait(4,  <unfinished ...>
7783  16:14:47.549499 <... futex resumed>) = 0 <0.006294>
7097  16:14:47.549505 <... futex resumed>) = -1 ETIMEDOUT (Connection timed out) <0.006199>
7783  16:14:47.549521 futex(0xc0000b3960, FUTEX_WAKE_PRIVATE, 1 <unfinished ...>
7097  16:14:47.549527 nanosleep({tv_sec=0, tv_nsec=20000},  <unfinished ...>
7783  16:14:47.549539 <... futex resumed>) = 1 <0.000012>
7103  16:14:47.549546 <... futex resumed>) = 0 <1.457263>
7783  16:14:47.549554 write(5, "\1\0\0\0\0\0\0\0", 8 <unfinished ...>
7103  16:14:47.549564 futex(0xc000420960, FUTEX_WAKE_PRIVATE, 1 <unfinished ...>
7783  16:14:47.549571 <... write resumed>) = 8 <0.000009>
7103  16:14:47.549579 <... futex resumed>) = 1 <0.000010>
7102  16:14:47.549585 <... epoll_pwait resumed>[{events=EPOLLIN, data={u32=115574912, u64=115574912}}], 128, 1999, NULL, 0) = 1 <0.000218>
7783  16:14:47.549596 futex(0xc001079160, FUTEX_WAIT_PRIVATE, 0, NULL <unfinished ...>
7103  16:14:47.549602 futex(0xc0000b3960, FUTEX_WAIT_PRIVATE, 0, NULL <unfinished ...>
7104  16:14:47.549611 <... futex resumed>) = 0 <1.457332>
7102  16:14:47.549616 read(5,  <unfinished ...>
7097  16:14:47.549624 <... nanosleep resumed>NULL) = 0 <0.000087>
7104  16:14:47.549631 futex(0xc000420960, FUTEX_WAIT_PRIVATE, 0, NULL <unfinished ...>
7102  16:14:47.549637 <... read resumed>"\1\0\0\0\0\0\0\0", 8) = 8 <0.000016>
7097  16:14:47.549646 futex(0x6e03960, FUTEX_WAIT_PRIVATE, 0, {tv_sec=1, tv_nsec=993135551} <unfinished ...>
7102  16:14:47.549655 epoll_pwait(4, [], 128, 0, NULL, 0) = 0 <0.000009>
7102  16:14:47.549682 epoll_pwait(4, [{events=EPOLLIN, data={u32=2644508675, u64=8587315566537080835}}], 128, 1993, NULL, 0) = 1 <0.873993>
7102  16:14:48.423738 futex(0x6e03960, FUTEX_WAKE_PRIVATE, 1) = 1 <0.000014>
7097  16:14:48.423772 <... futex resumed>) = 0 <0.874119>
7102  16:14:48.423782 accept4(8,  <unfinished ...>
7097  16:14:48.423793 nanosleep({tv_sec=0, tv_nsec=20000},  <unfinished ...>
7102  16:14:48.423809 <... accept4 resumed>{sa_family=AF_INET, sin_port=htons(51250), sin_addr=inet_addr("127.0.0.1")}, [112 => 16], SOCK_CLOEXEC|SOCK_NONBLOCK) = 6 <0.000018>
7102  16:14:48.423841 epoll_ctl(4, EPOLL_CTL_ADD, 6, {events=EPOLLIN|EPOLLOUT|EPOLLRDHUP|EPOLLET, data={u32=2589458501, u64=8587315566482030661}}) = 0 <0.000012>
7102  16:14:48.423875 getsockname(6,  <unfinished ...>
7097  16:14:48.423885 <... nanosleep resumed>NULL) = 0 <0.000083>
7102  16:14:48.423893 <... getsockname resumed>{sa_family=AF_INET, sin_port=htons(9000), sin_addr=inet_addr("127.0.0.1")}, [112 => 16]) = 0 <0.000010>
7097  16:14:48.423904 nanosleep({tv_sec=0, tv_nsec=20000},  <unfinished ...>
7102  16:14:48.423913 setsockopt(6, SOL_TCP, TCP_NODELAY, [1], 4) = 0 <0.000009>
7102  16:14:48.423951 setsockopt(6, SOL_SOCKET, SO_KEEPALIVE, [1], 4) = 0 <0.000012>
7102  16:14:48.423983 setsockopt(6, SOL_TCP, TCP_KEEPIDLE, [15], 4 <unfinished ...>
7097  16:14:48.423993 <... nanosleep resumed>NULL) = 0 <0.000082>
7102  16:14:48.424001 <... setsockopt resumed>) = 0 <0.000010>
7097  16:14:48.424009 nanosleep({tv_sec=0, tv_nsec=20000},  <unfinished ...>
7102  16:14:48.424019 setsockopt(6, SOL_TCP, TCP_KEEPINTVL, [15], 4) = 0 <0.000008>
7102  16:14:48.424053 setsockopt(6, SOL_TCP, TCP_KEEPCNT, [9], 4) = 0 <0.000008>
7102  16:14:48.424080 futex(0xc000420960, FUTEX_WAKE_PRIVATE, 1) = 1 <0.000010>
7097  16:14:48.424098 <... nanosleep resumed>NULL) = 0 <0.000081>
7102  16:14:48.424105 accept4(8,  <unfinished ...>
7104  16:14:48.424114 <... futex resumed>) = 0 <0.874478>
7097  16:14:48.424120 nanosleep({tv_sec=0, tv_nsec=20000},  <unfinished ...>
7102  16:14:48.424128 <... accept4 resumed>0xc00b834c74, [112], SOCK_CLOEXEC|SOCK_NONBLOCK) = -1 EAGAIN (Resource temporarily unavailable) <0.000017>
7104  16:14:48.424138 epoll_pwait(4, [{events=EPOLLIN|EPOLLOUT, data={u32=2589458501, u64=8587315566482030661}}], 128, 0, NULL, 0) = 1 <0.000012>
7102  16:14:48.424171 read(6,  <unfinished ...>
7104  16:14:48.424176 epoll_pwait(4,  <unfinished ...>
7102  16:14:48.424188 <... read resumed>"HEAD /public/strace_test_10MB HTTP/1.1\r\nHost: localhost:9000\r\nAccept-Encoding: identity\r\nUser-Agent: aws-cli/2.31.0 md/awscrt#0.27.6 ua/2.1 os/linux#6.8.0-83-generic md/arch#x86_64 lang/python#3.13.7 md/pyimpl#CPython m/Z,b,N,E,G cfg/retry-mode#standard md/installer#exe md/distrib#ubuntu.24 md/prompt#off md/command#s3.cp\r\nX-Amz-Date: 20250924T161448Z\r\nX-Amz-Content-SHA256: e3b0c44298fc1c149afbf4c8996fb92427ae41e4649b934ca495991b7852b855\r\nAuthorization: AWS4-HMAC-SHA256 Credential=minioadmin/20250924/us-east"..., 4096) = 662 <0.000012>
7097  16:14:48.424206 <... nanosleep resumed>NULL) = 0 <0.000080>
7097  16:14:48.424220 nanosleep({tv_sec=0, tv_nsec=20000},  <unfinished ...>
7102  16:14:48.424229 futex(0xc0000b3960, FUTEX_WAKE_PRIVATE, 1) = 1 <0.000009>
7103  16:14:48.424248 <... futex resumed>) = 0 <0.874641>
7103  16:14:48.424264 nanosleep({tv_sec=0, tv_nsec=3000},  <unfinished ...>
7097  16:14:48.424307 <... nanosleep resumed>NULL) = 0 <0.000081>
7097  16:14:48.424320 nanosleep({tv_sec=0, tv_nsec=20000},  <unfinished ...>
7103  16:14:48.424337 <... nanosleep resumed>NULL) = 0 <0.000067>
7103  16:14:48.424352 futex(0xc001079160, FUTEX_WAKE_PRIVATE, 1) = 1 <0.000010>
7103  16:14:48.424380 read(6,  <unfinished ...>
7783  16:14:48.424387 <... futex resumed>) = 0 <0.874786>
7103  16:14:48.424394 <... read resumed>0xc00cf92731, 1) = -1 EAGAIN (Resource temporarily unavailable) <0.000009>
7783  16:14:48.424409 futex(0xc001079160, FUTEX_WAIT_PRIVATE, 0, NULL <unfinished ...>
7103  16:14:48.424414 futex(0xc0000b3960, FUTEX_WAIT_PRIVATE, 0, NULL <unfinished ...>
7097  16:14:48.424420 <... nanosleep resumed>NULL) = 0 <0.000093>
7102  16:14:48.424433 getrandom( <unfinished ...>
7097  16:14:48.424439 nanosleep({tv_sec=0, tv_nsec=20000},  <unfinished ...>
7102  16:14:48.424447 <... getrandom resumed>"\xe1\x9e\xcb\x06\x5a\x05\x5e\x60\x29\xd3\x71\xb6\x4f\xf0\xab\x21", 16, 0) = 16 <0.000009>
7102  16:14:48.424492 futex(0xc0000b3960, FUTEX_WAKE_PRIVATE, 1 <unfinished ...>
7103  16:14:48.424507 <... futex resumed>) = 0 <0.000087>
7102  16:14:48.424512 <... futex resumed>) = 1 <0.000015>
7103  16:14:48.424519 nanosleep({tv_sec=0, tv_nsec=3000},  <unfinished ...>
7102  16:14:48.424528 newfstatat(AT_FDCWD, "/mnt/minio1/.minio.sys/format.json",  <unfinished ...>
7097  16:14:48.424537 <... nanosleep resumed>NULL) = 0 <0.000092>
7102  16:14:48.424550 <... newfstatat resumed>{st_mode=S_IFREG|0644, st_size=232, ...}, AT_SYMLINK_NOFOLLOW) = 0 <0.000013>
7097  16:14:48.424559 nanosleep({tv_sec=0, tv_nsec=20000},  <unfinished ...>
7102  16:14:48.424588 openat(AT_FDCWD, "/mnt/minio1/public/strace_test_10MB/xl.meta", O_RDONLY|O_NONBLOCK|O_NOATIME|O_CLOEXEC <unfinished ...>
7103  16:14:48.424598 <... nanosleep resumed>NULL) = 0 <0.000073>
7103  16:14:48.424611 futex(0xc0000b3960, FUTEX_WAIT_PRIVATE, 0, NULL <unfinished ...>
7102  16:14:48.424616 <... openat resumed>) = 11 <0.000019>
7102  16:14:48.424633 epoll_ctl(4, EPOLL_CTL_ADD, 11, {events=EPOLLIN|EPOLLOUT|EPOLLRDHUP|EPOLLET, data={u32=2662859010, u64=8587315566555431170}} <unfinished ...>
7097  16:14:48.424642 <... nanosleep resumed>NULL) = 0 <0.000076>
7102  16:14:48.424648 <... epoll_ctl resumed>) = -1 EPERM (Operation not permitted) <0.000008>
7097  16:14:48.424657 nanosleep({tv_sec=0, tv_nsec=20000},  <unfinished ...>
7102  16:14:48.424664 fstat(11, {st_mode=S_IFREG|0644, st_size=462, ...}) = 0 <0.000008>
7102  16:14:48.424688 read(11, "XL2 \1\0\3\0\306\0\0\1\274\3\3\1\304&\227\304\20\0\0\0\0\0\0\0\0\0\0\0\0\0\0\0\0\323\30hD\5\213\3342\257\304\4\351\4\177\332\1\2\0\1\305\1\216\203\244Type\1\245V2Obj\336\0\21\242ID\304\20\0\0\0\0\0\0\0\0\0\0\0\0\0\0\0\0\244DDir\304\20h\30x\20XNB\242\200\360EvN\351\34\237\246EcAlgo\1\243EcM\1\243EcN\0\247EcBSize\322\0\20\0\0\247EcIndex\1\246EcDist\221\1\250CSumAlgo\1\250PartNums\222\1\2\251PartETags\300\251PartSizes\222\322\0\200\0\0\322\0 \0\0\252PartASizes\222\322\0\200\0\0\322\0 \0\0\244Size\322\0\240\0\0\245MTime\323\30hD\5\213\3342\257\247MetaSys\202\274X-Minio-Internal-actual-size\304\01010485760\264x-minio-internal-crc\304\33\300\3\257u\321\262\347M\307\205\2\241\375v\220\10\254\217]\362\325\361\223\260\214\17\36\247MetaUsr\202\244etag\331\"669fdad9e309b552f1e9cf7b489c1f73-2\254content-type\263binary/octet-stream\241v\316h\275\257\25\316d\4P)", 462) = 462 <0.000008>
7102  16:14:48.424715 close(11)         = 0 <0.000008>
7102  16:14:48.424740 futex(0xc0000b3960, FUTEX_WAKE_PRIVATE, 1 <unfinished ...>
7097  16:14:48.424761 <... nanosleep resumed>NULL) = 0 <0.000098>
7103  16:14:48.424773 <... futex resumed>) = 0 <0.000158>
7102  16:14:48.424778 <... futex resumed>) = 1 <0.000019>
7103  16:14:48.424784 nanosleep({tv_sec=0, tv_nsec=3000},  <unfinished ...>
7097  16:14:48.424791 nanosleep({tv_sec=0, tv_nsec=20000},  <unfinished ...>
7103  16:14:48.424857 <... nanosleep resumed>NULL) = 0 <0.000066>
7103  16:14:48.424875 nanosleep({tv_sec=0, tv_nsec=3000},  <unfinished ...>
7097  16:14:48.424880 <... nanosleep resumed>NULL) = 0 <0.000084>
7097  16:14:48.424890 nanosleep({tv_sec=0, tv_nsec=20000},  <unfinished ...>
7103  16:14:48.424945 <... nanosleep resumed>NULL) = 0 <0.000065>
7102  16:14:48.424954 write(6, "HTTP/1.1 200 OK\r\nAccept-Ranges: bytes\r\nContent-Length: 10485760\r\nContent-Type: binary/octet-stream\r\nETag: \"669fdad9e309b552f1e9cf7b489c1f73-2\"\r\nLast-Modified: Wed, 24 Sep 2025 16:14:05 GMT\r\nServer: MinIO\r\nStrict-Transport-Security: max-age=31536000; includeSubDomains\r\nVary: Origin\r\nVary: Accept-Encoding\r\nX-Amz-Id-2: dd9025bab4ad464b049177c95eb6ebf374d3b3fd1af9251148b658df7ac2e3e8\r\nX-Amz-Request-Id: 1868440FA22DF6FA\r\nX-Content-Type-Options: nosniff\r\nX-Ratelimit-Limit: 8792\r\nX-Ratelimit-Remaining: 8792\r\nX-Xss"..., 579 <unfinished ...>
7103  16:14:48.424960 futex(0xc001079160, FUTEX_WAKE_PRIVATE, 1) = 1 <0.000014>
7097  16:14:48.424981 <... nanosleep resumed>NULL) = 0 <0.000086>
7783  16:14:48.424989 <... futex resumed>) = 0 <0.000576>
7103  16:14:48.424995 futex(0xc0000b3960, FUTEX_WAIT_PRIVATE, 0, NULL <unfinished ...>
7102  16:14:48.425000 <... write resumed>) = 579 <0.000040>
7783  16:14:48.425006 futex(0xc001079160, FUTEX_WAIT_PRIVATE, 0, NULL <unfinished ...>
7097  16:14:48.425011 nanosleep({tv_sec=0, tv_nsec=20000},  <unfinished ...>
7783  16:14:48.425019 <... futex resumed>) = -1 EAGAIN (Resource temporarily unavailable) <0.000008>
7102  16:14:48.425025 futex(0xc001079160, FUTEX_WAKE_PRIVATE, 1 <unfinished ...>
7783  16:14:48.425032 nanosleep({tv_sec=0, tv_nsec=3000},  <unfinished ...>
7102  16:14:48.425040 <... futex resumed>) = 0 <0.000010>
7102  16:14:48.425063 read(6, 0xc00120c000, 4096) = -1 EAGAIN (Resource temporarily unavailable) <0.000010>
7102  16:14:48.425090 futex(0xc000580160, FUTEX_WAIT_PRIVATE, 0, NULL <unfinished ...>
7783  16:14:48.425103 <... nanosleep resumed>NULL) = 0 <0.000064>
7097  16:14:48.425108 <... nanosleep resumed>NULL) = 0 <0.000090>
7783  16:14:48.425120 futex(0xc001079160, FUTEX_WAIT_PRIVATE, 0, NULL <unfinished ...>
7097  16:14:48.425125 futex(0x6e03960, FUTEX_WAIT_PRIVATE, 0, {tv_sec=1, tv_nsec=117650586} <unfinished ...>
7104  16:14:48.428032 <... epoll_pwait resumed>[{events=EPOLLIN, data={u32=2644508675, u64=8587315566537080835}}], 128, 1118, NULL, 0) = 1 <0.003849>
7104  16:14:48.428076 futex(0x6e03960, FUTEX_WAKE_PRIVATE, 1) = 1 <0.000014>
7097  16:14:48.428105 <... futex resumed>) = 0 <0.002973>
7104  16:14:48.428113 accept4(8,  <unfinished ...>
7097  16:14:48.428123 nanosleep({tv_sec=0, tv_nsec=20000},  <unfinished ...>
7104  16:14:48.428132 <... accept4 resumed>{sa_family=AF_INET, sin_port=htons(51258), sin_addr=inet_addr("127.0.0.1")}, [112 => 16], SOCK_CLOEXEC|SOCK_NONBLOCK) = 11 <0.000012>
7104  16:14:48.428162 epoll_ctl(4, EPOLL_CTL_ADD, 11, {events=EPOLLIN|EPOLLOUT|EPOLLRDHUP|EPOLLET, data={u32=2662859011, u64=8587315566555431171}}) = 0 <0.000013>
7104  16:14:48.428195 getsockname(11, {sa_family=AF_INET, sin_port=htons(9000), sin_addr=inet_addr("127.0.0.1")}, [112 => 16]) = 0 <0.000010>
7097  16:14:48.428217 <... nanosleep resumed>NULL) = 0 <0.000087>
7104  16:14:48.428225 setsockopt(11, SOL_TCP, TCP_NODELAY, [1], 4 <unfinished ...>
7097  16:14:48.428234 nanosleep({tv_sec=0, tv_nsec=20000},  <unfinished ...>
7104  16:14:48.428243 <... setsockopt resumed>) = 0 <0.000011>
7104  16:14:48.428257 setsockopt(11, SOL_SOCKET, SO_KEEPALIVE, [1], 4) = 0 <0.000009>
7104  16:14:48.428284 setsockopt(11, SOL_TCP, TCP_KEEPIDLE, [15], 4) = 0 <0.000009>
7104  16:14:48.428311 setsockopt(11, SOL_TCP, TCP_KEEPINTVL, [15], 4 <unfinished ...>
7097  16:14:48.428320 <... nanosleep resumed>NULL) = 0 <0.000079>
7104  16:14:48.428327 <... setsockopt resumed>) = 0 <0.000009>
7097  16:14:48.428334 nanosleep({tv_sec=0, tv_nsec=20000},  <unfinished ...>
7104  16:14:48.428343 setsockopt(11, SOL_TCP, TCP_KEEPCNT, [9], 4) = 0 <0.000009>
7104  16:14:48.428377 futex(0xc001079160, FUTEX_WAKE_PRIVATE, 1 <unfinished ...>
7783  16:14:48.428395 <... futex resumed>) = 0 <0.003270>
7104  16:14:48.428401 <... futex resumed>) = 1 <0.000018>
7783  16:14:48.428408 epoll_pwait(4,  <unfinished ...>
7104  16:14:48.428415 accept4(8,  <unfinished ...>
7783  16:14:48.428424 <... epoll_pwait resumed>[{events=EPOLLOUT, data={u32=2662859011, u64=8587315566555431171}}], 128, 0, NULL, 0) = 1 <0.000011>
7097  16:14:48.428433 <... nanosleep resumed>NULL) = 0 <0.000092>
7783  16:14:48.428440 futex(0xc000580160, FUTEX_WAKE_PRIVATE, 1 <unfinished ...>
7104  16:14:48.428446 <... accept4 resumed>0xc00b834c74, [112], SOCK_CLOEXEC|SOCK_NONBLOCK) = -1 EAGAIN (Resource temporarily unavailable) <0.000024>
7783  16:14:48.428457 <... futex resumed>) = 1 <0.000011>
7102  16:14:48.428463 <... futex resumed>) = 0 <0.003368>
7097  16:14:48.428468 nanosleep({tv_sec=0, tv_nsec=20000},  <unfinished ...>
7783  16:14:48.428479 read(11,  <unfinished ...>
7104  16:14:48.428484 epoll_pwait(4,  <unfinished ...>
7102  16:14:48.428490 epoll_pwait(4,  <unfinished ...>
7783  16:14:48.428497 <... read resumed>0xc00cd37000, 4096) = -1 EAGAIN (Resource temporarily unavailable) <0.000013>
7104  16:14:48.428504 <... epoll_pwait resumed>[], 128, 0, NULL, 0) = 0 <0.000015>
7783  16:14:48.428512 epoll_pwait(4,  <unfinished ...>
7102  16:14:48.428517 <... epoll_pwait resumed>[], 128, 0, NULL, 0) = 0 <0.000023>
7783  16:14:48.428525 <... epoll_pwait resumed>[], 128, 0, NULL, 0) = 0 <0.000008>
7104  16:14:48.428531 epoll_pwait(4,  <unfinished ...>
7783  16:14:48.428538 futex(0xc001079160, FUTEX_WAIT_PRIVATE, 0, NULL <unfinished ...>
7102  16:14:48.428544 futex(0xc000580160, FUTEX_WAIT_PRIVATE, 0, NULL <unfinished ...>
7097  16:14:48.428556 <... nanosleep resumed>NULL) = 0 <0.000081>
7097  16:14:48.428570 futex(0x6e03960, FUTEX_WAIT_PRIVATE, 0, {tv_sec=1, tv_nsec=114203909} <unfinished ...>
7104  16:14:48.428707 <... epoll_pwait resumed>[{events=EPOLLIN|EPOLLOUT, data={u32=2662859011, u64=8587315566555431171}}], 128, 1114, NULL, 0) = 1 <0.000171>
7104  16:14:48.428723 futex(0x6e03960, FUTEX_WAKE_PRIVATE, 1) = 1 <0.000012>
7097  16:14:48.428743 <... futex resumed>) = 0 <0.000166>
7104  16:14:48.428754 read(11,  <unfinished ...>
7097  16:14:48.428758 nanosleep({tv_sec=0, tv_nsec=20000},  <unfinished ...>
7104  16:14:48.428766 <... read resumed>"GET /public/strace_test_10MB HTTP/1.1\r\nHost: localhost:9000\r\nAccept-Encoding: identity\r\nRange: bytes=0-8388607\r\nIf-Match: \"669fdad9e309b552f1e9cf7b489c1f73-2\"\r\nx-amz-checksum-mode: ENABLED\r\nUser-Agent: aws-cli/2.31.0 md/awscrt#0.27.6 ua/2.1 os/linux#6.8.0-83-generic md/arch#x86_64 lang/python#3.13.7 md/pyimpl#CPython m/Z,b,N,E,G cfg/retry-mode#standard md/installer#exe md/distrib#ubuntu.24 md/prompt#off md/command#s3.cp\r\nX-Amz-Date: 20250924T161448Z\r\nX-Amz-Content-SHA256: e3b0c44298fc1c149afbf4c8996fb92427a"..., 4096) = 798 <0.000008>
7104  16:14:48.428803 futex(0xc001079160, FUTEX_WAKE_PRIVATE, 1 <unfinished ...>
7783  16:14:48.428817 <... futex resumed>) = 0 <0.000274>
7104  16:14:48.428821 <... futex resumed>) = 1 <0.000014>
7783  16:14:48.428827 epoll_pwait(4, [{events=EPOLLIN, data={u32=2644508675, u64=8587315566537080835}}], 128, 0, NULL, 0) = 1 <0.000007>
7097  16:14:48.428844 <... nanosleep resumed>NULL) = 0 <0.000080>
7783  16:14:48.428850 futex(0xc000580160, FUTEX_WAKE_PRIVATE, 1 <unfinished ...>
7097  16:14:48.428855 nanosleep({tv_sec=0, tv_nsec=20000},  <unfinished ...>
7783  16:14:48.428863 <... futex resumed>) = 1 <0.000009>
7102  16:14:48.428867 <... futex resumed>) = 0 <0.000319>
7783  16:14:48.428873 accept4(8,  <unfinished ...>
7102  16:14:48.428880 epoll_pwait(4,  <unfinished ...>
7783  16:14:48.428890 <... accept4 resumed>{sa_family=AF_INET, sin_port=htons(51260), sin_addr=inet_addr("127.0.0.1")}, [112 => 16], SOCK_CLOEXEC|SOCK_NONBLOCK) = 12 <0.000012>
7102  16:14:48.428897 <... epoll_pwait resumed>[], 128, 0, NULL, 0) = 0 <0.000013>
7783  16:14:48.428903 epoll_ctl(4, EPOLL_CTL_ADD, 12, {events=EPOLLIN|EPOLLOUT|EPOLLRDHUP|EPOLLET, data={u32=2552758290, u64=8587315566445330450}} <unfinished ...>
7102  16:14:48.428911 nanosleep({tv_sec=0, tv_nsec=3000},  <unfinished ...>
7783  16:14:48.428918 <... epoll_ctl resumed>) = 0 <0.000009>
7783  16:14:48.428928 getsockname(12, {sa_family=AF_INET, sin_port=htons(9000), sin_addr=inet_addr("127.0.0.1")}, [112 => 16]) = 0 <0.000008>
7104  16:14:48.428946 getrandom( <unfinished ...>
7097  16:14:48.428951 <... nanosleep resumed>NULL) = 0 <0.000090>
7783  16:14:48.428957 setsockopt(12, SOL_TCP, TCP_NODELAY, [1], 4 <unfinished ...>
7104  16:14:48.428963 <... getrandom resumed>"\x86\x91\xf3\xa0\x53\x9f\x1b\xe2\x63\xaf\x17\xb9\xd3\x91\x4f\x92", 16, 0) = 16 <0.000013>
7783  16:14:48.428971 <... setsockopt resumed>) = 0 <0.000008>
7097  16:14:48.428976 nanosleep({tv_sec=0, tv_nsec=20000},  <unfinished ...>
7783  16:14:48.428983 setsockopt(12, SOL_SOCKET, SO_KEEPALIVE, [1], 4 <unfinished ...>
7102  16:14:48.428989 <... nanosleep resumed>NULL) = 0 <0.000073>
7783  16:14:48.428995 <... setsockopt resumed>) = 0 <0.000006>
7102  16:14:48.429000 futex(0xc0000b3960, FUTEX_WAKE_PRIVATE, 1 <unfinished ...>
7783  16:14:48.429006 setsockopt(12, SOL_TCP, TCP_KEEPIDLE, [15], 4 <unfinished ...>
7102  16:14:48.429014 <... futex resumed>) = 1 <0.000010>
7103  16:14:48.429018 <... futex resumed>) = 0 <0.004019>
7104  16:14:48.429023 openat(AT_FDCWD, "/mnt/minio1/public/strace_test_10MB/xl.meta", O_RDONLY|O_NONBLOCK|O_NOATIME|O_CLOEXEC <unfinished ...>
7783  16:14:48.429032 <... setsockopt resumed>) = 0 <0.000021>
7103  16:14:48.429037 epoll_pwait(4,  <unfinished ...>
7102  16:14:48.429041 read(11,  <unfinished ...>
7783  16:14:48.429047 setsockopt(12, SOL_TCP, TCP_KEEPINTVL, [15], 4 <unfinished ...>
7104  16:14:48.429053 <... openat resumed>) = 13 <0.000024>
7103  16:14:48.429058 <... epoll_pwait resumed>[{events=EPOLLIN|EPOLLOUT, data={u32=2552758290, u64=8587315566445330450}}], 128, 0, NULL, 0) = 1 <0.000017>
7783  16:14:48.429068 <... setsockopt resumed>) = 0 <0.000014>
7104  16:14:48.429072 epoll_ctl(4, EPOLL_CTL_ADD, 13, {events=EPOLLIN|EPOLLOUT|EPOLLRDHUP|EPOLLET, data={u32=2534408193, u64=8587315566426980353}} <unfinished ...>
7102  16:14:48.429078 <... read resumed>0xc00cf93631, 1) = -1 EAGAIN (Resource temporarily unavailable) <0.000033>
7097  16:14:48.429083 <... nanosleep resumed>NULL) = 0 <0.000103>
7783  16:14:48.429092 setsockopt(12, SOL_TCP, TCP_KEEPCNT, [9], 4 <unfinished ...>
7104  16:14:48.429098 <... epoll_ctl resumed>) = -1 EPERM (Operation not permitted) <0.000020>
7103  16:14:48.429103 epoll_pwait(4,  <unfinished ...>
7102  16:14:48.429107 futex(0xc000580160, FUTEX_WAIT_PRIVATE, 0, NULL <unfinished ...>
7097  16:14:48.429114 nanosleep({tv_sec=0, tv_nsec=20000},  <unfinished ...>
7783  16:14:48.429121 <... setsockopt resumed>) = 0 <0.000024>
7104  16:14:48.429126 fstat(13,  <unfinished ...>
7783  16:14:48.429131 futex(0xc000580160, FUTEX_WAKE_PRIVATE, 1 <unfinished ...>
7104  16:14:48.429137 <... fstat resumed>{st_mode=S_IFREG|0644, st_size=462, ...}) = 0 <0.000007>
7783  16:14:48.429145 <... futex resumed>) = 1 <0.000010>
7102  16:14:48.429150 <... futex resumed>) = 0 <0.000036>
7783  16:14:48.429156 accept4(8,  <unfinished ...>
7104  16:14:48.429162 read(13,  <unfinished ...>
7102  16:14:48.429167 futex(0xc001100160, FUTEX_WAKE_PRIVATE, 1 <unfinished ...>
7783  16:14:48.429173 <... accept4 resumed>0xc00b834c74, [112], SOCK_CLOEXEC|SOCK_NONBLOCK) = -1 EAGAIN (Resource temporarily unavailable) <0.000012>
7104  16:14:48.429178 <... read resumed>"XL2 \1\0\3\0\306\0\0\1\274\3\3\1\304&\227\304\20\0\0\0\0\0\0\0\0\0\0\0\0\0\0\0\0\323\30hD\5\213\3342\257\304\4\351\4\177\332\1\2\0\1\305\1\216\203\244Type\1\245V2Obj\336\0\21\242ID\304\20\0\0\0\0\0\0\0\0\0\0\0\0\0\0\0\0\244DDir\304\20h\30x\20XNB\242\200\360EvN\351\34\237\246EcAlgo\1\243EcM\1\243EcN\0\247EcBSize\322\0\20\0\0\247EcIndex\1\246EcDist\221\1\250CSumAlgo\1\250PartNums\222\1\2\251PartETags\300\251PartSizes\222\322\0\200\0\0\322\0 \0\0\252PartASizes\222\322\0\200\0\0\322\0 \0\0\244Size\322\0\240\0\0\245MTime\323\30hD\5\213\3342\257\247MetaSys\202\274X-Minio-Internal-actual-size\304\01010485760\264x-minio-internal-crc\304\33\300\3\257u\321\262\347M\307\205\2\241\375v\220\10\254\217]\362\325\361\223\260\214\17\36\247MetaUsr\202\244etag\331\"669fdad9e309b552f1e9cf7b489c1f73-2\254content-type\263binary/octet-stream\241v\316h\275\257\25\316d\4P)", 462) = 462 <0.000013>
7783  16:14:48.429188 futex(0xc001079160, FUTEX_WAIT_PRIVATE, 0, NULL <unfinished ...>
7102  16:14:48.429192 <... futex resumed>) = 1 <0.000021>
7105  16:14:48.429199 <... futex resumed>) = 0 <2.336926>
7104  16:14:48.429204 close(13 <unfinished ...>
7097  16:14:48.429208 <... nanosleep resumed>NULL) = 0 <0.000089>
7105  16:14:48.429215 futex(0xc001100160, FUTEX_WAIT_PRIVATE, 0, NULL <unfinished ...>
7104  16:14:48.429220 <... close resumed>) = 0 <0.000012>
7102  16:14:48.429224 read(12,  <unfinished ...>
7104  16:14:48.429230 futex(0xc001100160, FUTEX_WAKE_PRIVATE, 1 <unfinished ...>
7097  16:14:48.429235 nanosleep({tv_sec=0, tv_nsec=20000},  <unfinished ...>
7104  16:14:48.429243 <... futex resumed>) = 1 <0.000008>
7102  16:14:48.429247 <... read resumed>"GET /public/strace_test_10MB HTTP/1.1\r\nHost: localhost:9000\r\nAccept-Encoding: identity\r\nRange: bytes=8388608-\r\nIf-Match: \"669fdad9e309b552f1e9cf7b489c1f73-2\"\r\nx-amz-checksum-mode: ENABLED\r\nUser-Agent: aws-cli/2.31.0 md/awscrt#0.27.6 ua/2.1 os/linux#6.8.0-83-generic md/arch#x86_64 lang/python#3.13.7 md/pyimpl#CPython m/Z,b,N,E,G cfg/retry-mode#standard md/installer#exe md/distrib#ubuntu.24 md/prompt#off md/command#s3.cp\r\nX-Amz-Date: 20250924T161448Z\r\nX-Amz-Content-SHA256: e3b0c44298fc1c149afbf4c8996fb92427ae"..., 4096) = 797 <0.000019>
7105  16:14:48.429255 <... futex resumed>) = 0 <0.000036>
7105  16:14:48.429271 futex(0xc001100160, FUTEX_WAIT_PRIVATE, 0, NULL <unfinished ...>
7104  16:14:48.429276 futex(0xc001100160, FUTEX_WAKE_PRIVATE, 1 <unfinished ...>
7105  16:14:48.429282 <... futex resumed>) = -1 EAGAIN (Resource temporarily unavailable) <0.000006>
7104  16:14:48.429288 <... futex resumed>) = 0 <0.000008>
7105  16:14:48.429294 nanosleep({tv_sec=0, tv_nsec=3000},  <unfinished ...>
7097  16:14:48.429321 <... nanosleep resumed>NULL) = 0 <0.000080>
7097  16:14:48.429332 nanosleep({tv_sec=0, tv_nsec=20000},  <unfinished ...>
7105  16:14:48.429364 <... nanosleep resumed>NULL) = 0 <0.000065>
7105  16:14:48.429377 futex(0xc001079160, FUTEX_WAKE_PRIVATE, 1) = 1 <0.000006>
7102  16:14:48.429390 getrandom( <unfinished ...>
7783  16:14:48.429396 <... futex resumed>) = 0 <0.000204>
7105  16:14:48.429402 read(12,  <unfinished ...>
7102  16:14:48.429406 <... getrandom resumed>"\x11\x66\x92\x04\x94\xf1\xc3\xef\x8f\x7e\xc1\xf8\x5d\x24\xcf\xdf", 16, 0) = 16 <0.000012>
7783  16:14:48.429417 nanosleep({tv_sec=0, tv_nsec=3000},  <unfinished ...>
7105  16:14:48.429423 <... read resumed>0xc00347d811, 1) = -1 EAGAIN (Resource temporarily unavailable) <0.000017>
7097  16:14:48.429428 <... nanosleep resumed>NULL) = 0 <0.000090>
7105  16:14:48.429438 futex(0xc001100160, FUTEX_WAIT_PRIVATE, 0, NULL <unfinished ...>
7097  16:14:48.429443 nanosleep({tv_sec=0, tv_nsec=20000},  <unfinished ...>
7104  16:14:48.429450 openat(AT_FDCWD, "/mnt/minio1/public/strace_test_10MB/68187810-584e-42a2-80f0-45764ee91c9f/part.1", O_RDONLY|O_NONBLOCK|O_NOATIME|O_CLOEXEC <unfinished ...>
7102  16:14:48.429457 openat(AT_FDCWD, "/mnt/minio1/public/strace_test_10MB/xl.meta", O_RDONLY|O_NONBLOCK|O_NOATIME|O_CLOEXEC <unfinished ...>
7104  16:14:48.429465 <... openat resumed>) = 13 <0.000009>
7104  16:14:48.429477 epoll_ctl(4, EPOLL_CTL_ADD, 13, {events=EPOLLIN|EPOLLOUT|EPOLLRDHUP|EPOLLET, data={u32=2534408194, u64=8587315566426980354}} <unfinished ...>
7102  16:14:48.429484 <... openat resumed>) = 14 <0.000020>
7783  16:14:48.429490 <... nanosleep resumed>NULL) = 0 <0.000068>
7104  16:14:48.429494 <... epoll_ctl resumed>) = -1 EPERM (Operation not permitted) <0.000011>
7783  16:14:48.429501 futex(0xc001079160, FUTEX_WAIT_PRIVATE, 0, NULL <unfinished ...>
7102  16:14:48.429505 epoll_ctl(4, EPOLL_CTL_ADD, 14, {events=EPOLLIN|EPOLLOUT|EPOLLRDHUP|EPOLLET, data={u32=2516058113, u64=8587315566408630273}} <unfinished ...>
7104  16:14:48.429513 fstat(13,  <unfinished ...>
7102  16:14:48.429518 <... epoll_ctl resumed>) = -1 EPERM (Operation not permitted) <0.000007>
7104  16:14:48.429524 <... fstat resumed>{st_mode=S_IFREG|0644, st_size=8388864, ...}) = 0 <0.000007>
7102  16:14:48.429532 fstat(14,  <unfinished ...>
7097  16:14:48.429537 <... nanosleep resumed>NULL) = 0 <0.000089>
7104  16:14:48.429543 futex(0xc001079160, FUTEX_WAKE_PRIVATE, 1 <unfinished ...>
7102  16:14:48.429547 <... fstat resumed>{st_mode=S_IFREG|0644, st_size=462, ...}) = 0 <0.000011>
7783  16:14:48.429556 <... futex resumed>) = 0 <0.000051>
7104  16:14:48.429560 <... futex resumed>) = 1 <0.000013>
7097  16:14:48.429565 nanosleep({tv_sec=0, tv_nsec=20000},  <unfinished ...>
7783  16:14:48.429573 nanosleep({tv_sec=0, tv_nsec=3000},  <unfinished ...>
7104  16:14:48.429579 read(13,  <unfinished ...>
7102  16:14:48.429583 read(14,  <unfinished ...>
7104  16:14:48.429588 <... read resumed>"o\370\356\327#\262\244\227\263Z\n\376\251\230\26\251.\357Q\324?\327\260\342\247\377\257\235\264pf\270", 32) = 32 <0.000006>
7102  16:14:48.429596 <... read resumed>"XL2 \1\0\3\0\306\0\0\1\274\3\3\1\304&\227\304\20\0\0\0\0\0\0\0\0\0\0\0\0\0\0\0\0\323\30hD\5\213\3342\257\304\4\351\4\177\332\1\2\0\1\305\1\216\203\244Type\1\245V2Obj\336\0\21\242ID\304\20\0\0\0\0\0\0\0\0\0\0\0\0\0\0\0\0\244DDir\304\20h\30x\20XNB\242\200\360EvN\351\34\237\246EcAlgo\1\243EcM\1\243EcN\0\247EcBSize\322\0\20\0\0\247EcIndex\1\246EcDist\221\1\250CSumAlgo\1\250PartNums\222\1\2\251PartETags\300\251PartSizes\222\322\0\200\0\0\322\0 \0\0\252PartASizes\222\322\0\200\0\0\322\0 \0\0\244Size\322\0\240\0\0\245MTime\323\30hD\5\213\3342\257\247MetaSys\202\274X-Minio-Internal-actual-size\304\01010485760\264x-minio-internal-crc\304\33\300\3\257u\321\262\347M\307\205\2\241\375v\220\10\254\217]\362\325\361\223\260\214\17\36\247MetaUsr\202\244etag\331\"669fdad9e309b552f1e9cf7b489c1f73-2\254content-type\263binary/octet-stream\241v\316h\275\257\25\316d\4P)", 462) = 462 <0.000009>
7104  16:14:48.429605 read(13,  <unfinished ...>
7102  16:14:48.429611 close(14)         = 0 <0.000009>
7783  16:14:48.429640 <... nanosleep resumed>NULL) = 0 <0.000062>
7783  16:14:48.429651 futex(0xc001079160, FUTEX_WAIT_PRIVATE, 0, NULL <unfinished ...>
7097  16:14:48.429655 <... nanosleep resumed>NULL) = 0 <0.000085>
7097  16:14:48.429665 nanosleep({tv_sec=0, tv_nsec=20000},  <unfinished ...>
7102  16:14:48.429676 futex(0xc001079160, FUTEX_WAKE_PRIVATE, 1 <unfinished ...>
7783  16:14:48.429687 <... futex resumed>) = 0 <0.000032>
7102  16:14:48.429691 <... futex resumed>) = 1 <0.000011>
7783  16:14:48.429701 nanosleep({tv_sec=0, tv_nsec=3000}, NULL) = 0 <0.000035>
7097  16:14:48.429743 <... nanosleep resumed>NULL) = 0 <0.000074>
7783  16:14:48.429748 futex(0xc001100160, FUTEX_WAKE_PRIVATE, 1 <unfinished ...>
7097  16:14:48.429753 nanosleep({tv_sec=0, tv_nsec=20000},  <unfinished ...>
7783  16:14:48.429759 <... futex resumed>) = 1 <0.000007>
7105  16:14:48.429762 <... futex resumed>) = 0 <0.000320>
7783  16:14:48.429772 nanosleep({tv_sec=0, tv_nsec=3000},  <unfinished ...>
7105  16:14:48.429777 nanosleep({tv_sec=0, tv_nsec=3000},  <unfinished ...>
7102  16:14:48.429789 openat(AT_FDCWD, "/mnt/minio1/public/strace_test_10MB/68187810-584e-42a2-80f0-45764ee91c9f/part.2", O_RDONLY|O_NONBLOCK|O_NOATIME|O_CLOEXEC) = 14 <0.000010>
7102  16:14:48.429813 epoll_ctl(4, EPOLL_CTL_ADD, 14, {events=EPOLLIN|EPOLLOUT|EPOLLRDHUP|EPOLLET, data={u32=2516058114, u64=8587315566408630274}}) = -1 EPERM (Operation not permitted) <0.000006>
7102  16:14:48.429835 fstat(14,  <unfinished ...>
7097  16:14:48.429838 <... nanosleep resumed>NULL) = 0 <0.000081>
7783  16:14:48.429844 <... nanosleep resumed>NULL) = 0 <0.000067>
7105  16:14:48.429847 <... nanosleep resumed>NULL) = 0 <0.000066>
7102  16:14:48.429851 <... fstat resumed>{st_mode=S_IFREG|0644, st_size=2097216, ...}) = 0 <0.000013>
7783  16:14:48.429858 futex(0xc001079160, FUTEX_WAIT_PRIVATE, 0, NULL <unfinished ...>
7105  16:14:48.429861 futex(0xc001100160, FUTEX_WAIT_PRIVATE, 0, NULL <unfinished ...>
7097  16:14:48.429865 nanosleep({tv_sec=0, tv_nsec=20000},  <unfinished ...>
7105  16:14:48.429871 <... futex resumed>) = -1 EAGAIN (Resource temporarily unavailable) <0.000006>
7102  16:14:48.429875 futex(0xc001100160, FUTEX_WAKE_PRIVATE, 1 <unfinished ...>
7105  16:14:48.429879 nanosleep({tv_sec=0, tv_nsec=3000},  <unfinished ...>
7102  16:14:48.429885 <... futex resumed>) = 0 <0.000007>
7102  16:14:48.429897 read(14, "o\370\356\327#\262\244\227\263Z\n\376\251\230\26\251.\357Q\324?\327\260\342\247\377\257\235\264pf\270", 32) = 32 <0.000007>
7102  16:14:48.429917 read(14,  <unfinished ...>
7105  16:14:48.429947 <... nanosleep resumed>NULL) = 0 <0.000063>
7097  16:14:48.429950 <... nanosleep resumed>NULL) = 0 <0.000081>
7105  16:14:48.429955 futex(0xc001100160, FUTEX_WAIT_PRIVATE, 0, NULL <unfinished ...>
7097  16:14:48.429959 nanosleep({tv_sec=0, tv_nsec=20000},  <unfinished ...>
7104  16:14:48.430007 <... read resumed>"\0\0\0\0\0\0\0\0\0\0\0\0\0\0\0\0\0\0\0\0\0\0\0\0\0\0\0\0\0\0\0\0\0\0\0\0\0\0\0\0\0\0\0\0\0\0\0\0\0\0\0\0\0\0\0\0\0\0\0\0\0\0\0\0\0\0\0\0\0\0\0\0\0\0\0\0\0\0\0\0\0\0\0\0\0\0\0\0\0\0\0\0\0\0\0\0\0\0\0\0\0\0\0\0\0\0\0\0\0\0\0\0\0\0\0\0\0\0\0\0\0\0\0\0\0\0\0\0\0\0\0\0\0\0\0\0\0\0\0\0\0\0\0\0\0\0\0\0\0\0\0\0\0\0\0\0\0\0\0\0\0\0\0\0\0\0\0\0\0\0\0\0\0\0\0\0\0\0\0\0\0\0\0\0\0\0\0\0\0\0\0\0\0\0\0\0\0\0\0\0\0\0\0\0\0\0\0\0\0\0\0\0\0\0\0\0\0\0\0\0\0\0\0\0\0\0\0\0\0\0\0\0\0\0\0\0\0\0\0\0\0\0\0\0\0\0\0\0\0\0\0\0\0\0\0\0\0\0\0\0\0\0\0\0\0\0\0\0\0\0\0\0\0\0\0\0\0\0\0\0\0\0\0\0\0\0\0\0\0\0\0\0\0\0\0\0\0\0\0\0\0\0\0\0\0\0\0\0\0\0\0\0\0\0\0\0\0\0\0\0\0\0\0\0\0\0\0\0\0\0\0\0\0\0\0\0\0\0\0\0\0\0\0\0\0\0\0\0\0\0\0\0\0\0\0\0\0\0\0\0\0\0\0\0\0\0\0\0\0\0\0\0\0\0\0\0\0\0\0\0\0\0\0\0\0\0\0\0\0\0\0\0\0\0\0\0\0\0\0\0\0\0\0\0\0\0\0\0\0\0\0\0\0\0\0\0\0\0\0\0\0\0\0\0\0\0\0\0\0\0\0\0\0\0\0\0\0\0\0\0\0\0\0\0\0\0\0\0\0\0\0\0\0\0\0\0\0\0\0\0\0\0\0\0\0\0\0\0\0\0\0\0\0\0\0\0\0\0\0\0\0\0\0\0\0\0\0\0\0\0\0\0\0\0\0\0\0\0\0\0\0\0\0\0\0\0\0\0\0\0\0\0"..., 1048576) = 1048576 <0.000398>
7097  16:14:48.430043 <... nanosleep resumed>NULL) = 0 <0.000079>
7097  16:14:48.430053 nanosleep({tv_sec=0, tv_nsec=20000},  <unfinished ...>
7104  16:14:48.430079 futex(0xc001100160, FUTEX_WAKE_PRIVATE, 1 <unfinished ...>
7105  16:14:48.430090 <... futex resumed>) = 0 <0.000131>
7104  16:14:48.430093 <... futex resumed>) = 1 <0.000011>
7105  16:14:48.430098 nanosleep({tv_sec=0, tv_nsec=3000},  <unfinished ...>
7104  16:14:48.430116 write(11, "HTTP/1.1 206 Partial Content\r\nAccept-Ranges: bytes\r\nContent-Length: 8388608\r\nContent-Range: bytes 0-8388607/10485760\r\nContent-Type: binary/octet-stream\r\nETag: \"669fdad9e309b552f1e9cf7b489c1f73-2\"\r\nLast-Modified: Wed, 24 Sep 2025 16:14:05 GMT\r\nServer: MinIO\r\nStrict-Transport-Security: max-age=31536000; includeSubDomains\r\nVary: Origin\r\nVary: Accept-Encoding\r\nX-Amz-Id-2: dd9025bab4ad464b049177c95eb6ebf374d3b3fd1af9251148b658df7ac2e3e8\r\nX-Amz-Request-Id: 1868440FA273CDC6\r\nX-Content-Type-Options: nosniff\r\nX-Rate"..., 4096 <unfinished ...>
7097  16:14:48.430137 <... nanosleep resumed>NULL) = 0 <0.000079>
7097  16:14:48.430147 nanosleep({tv_sec=0, tv_nsec=20000},  <unfinished ...>
7105  16:14:48.430165 <... nanosleep resumed>NULL) = 0 <0.000062>
7105  16:14:48.430175 futex(0xc001079160, FUTEX_WAKE_PRIVATE, 1 <unfinished ...>
7783  16:14:48.430185 <... futex resumed>) = 0 <0.000324>
7105  16:14:48.430189 <... futex resumed>) = 1 <0.000011>
7783  16:14:48.430194 futex(0xc001079160, FUTEX_WAIT_PRIVATE, 0, NULL <unfinished ...>
7105  16:14:48.430199 futex(0xc001100160, FUTEX_WAIT_PRIVATE, 0, NULL <unfinished ...>
7104  16:14:48.430212 <... write resumed>) = 4096 <0.000088>
7104  16:14:48.430222 write(11, "\0\0\0\0\0\0\0\0\0\0\0\0\0\0\0\0\0\0\0\0\0\0\0\0\0\0\0\0\0\0\0\0\0\0\0\0\0\0\0\0\0\0\0\0\0\0\0\0\0\0\0\0\0\0\0\0\0\0\0\0\0\0\0\0\0\0\0\0\0\0\0\0\0\0\0\0\0\0\0\0\0\0\0\0\0\0\0\0\0\0\0\0\0\0\0\0\0\0\0\0\0\0\0\0\0\0\0\0\0\0\0\0\0\0\0\0\0\0\0\0\0\0\0\0\0\0\0\0\0\0\0\0\0\0\0\0\0\0\0\0\0\0\0\0\0\0\0\0\0\0\0\0\0\0\0\0\0\0\0\0\0\0\0\0\0\0\0\0\0\0\0\0\0\0\0\0\0\0\0\0\0\0\0\0\0\0\0\0\0\0\0\0\0\0\0\0\0\0\0\0\0\0\0\0\0\0\0\0\0\0\0\0\0\0\0\0\0\0\0\0\0\0\0\0\0\0\0\0\0\0\0\0\0\0\0\0\0\0\0\0\0\0\0\0\0\0\0\0\0\0\0\0\0\0\0\0\0\0\0\0\0\0\0\0\0\0\0\0\0\0\0\0\0\0\0\0\0\0\0\0\0\0\0\0\0\0\0\0\0\0\0\0\0\0\0\0\0\0\0\0\0\0\0\0\0\0\0\0\0\0\0\0\0\0\0\0\0\0\0\0\0\0\0\0\0\0\0\0\0\0\0\0\0\0\0\0\0\0\0\0\0\0\0\0\0\0\0\0\0\0\0\0\0\0\0\0\0\0\0\0\0\0\0\0\0\0\0\0\0\0\0\0\0\0\0\0\0\0\0\0\0\0\0\0\0\0\0\0\0\0\0\0\0\0\0\0\0\0\0\0\0\0\0\0\0\0\0\0\0\0\0\0\0\0\0\0\0\0\0\0\0\0\0\0\0\0\0\0\0\0\0\0\0\0\0\0\0\0\0\0\0\0\0\0\0\0\0\0\0\0\0\0\0\0\0\0\0\0\0\0\0\0\0\0\0\0\0\0\0\0\0\0\0\0\0\0\0\0\0\0\0\0\0\0\0\0\0\0\0\0\0\0\0\0\0\0\0\0\0\0\0\0\0\0\0\0\0\0\0\0\0\0"..., 127608 <unfinished ...>
7097  16:14:48.430231 <... nanosleep resumed>NULL) = 0 <0.000080>
7097  16:14:48.430247 nanosleep({tv_sec=0, tv_nsec=20000},  <unfinished ...>
7104  16:14:48.430256 <... write resumed>) = 127608 <0.000029>
7104  16:14:48.430267 futex(0xc001100160, FUTEX_WAKE_PRIVATE, 1 <unfinished ...>
7105  16:14:48.430277 <... futex resumed>) = 0 <0.000074>
7104  16:14:48.430280 <... futex resumed>) = 1 <0.000010>
7105  16:14:48.430285 nanosleep({tv_sec=0, tv_nsec=3000},  <unfinished ...>
7104  16:14:48.430295 write(11, "\0\0\0\0\0\0\0\0\0\0\0\0\0\0\0\0\0\0\0\0\0\0\0\0\0\0\0\0\0\0\0\0\0\0\0\0\0\0\0\0\0\0\0\0\0\0\0\0\0\0\0\0\0\0\0\0\0\0\0\0\0\0\0\0\0\0\0\0\0\0\0\0\0\0\0\0\0\0\0\0\0\0\0\0\0\0\0\0\0\0\0\0\0\0\0\0\0\0\0\0\0\0\0\0\0\0\0\0\0\0\0\0\0\0\0\0\0\0\0\0\0\0\0\0\0\0\0\0\0\0\0\0\0\0\0\0\0\0\0\0\0\0\0\0\0\0\0\0\0\0\0\0\0\0\0\0\0\0\0\0\0\0\0\0\0\0\0\0\0\0\0\0\0\0\0\0\0\0\0\0\0\0\0\0\0\0\0\0\0\0\0\0\0\0\0\0\0\0\0\0\0\0\0\0\0\0\0\0\0\0\0\0\0\0\0\0\0\0\0\0\0\0\0\0\0\0\0\0\0\0\0\0\0\0\0\0\0\0\0\0\0\0\0\0\0\0\0\0\0\0\0\0\0\0\0\0\0\0\0\0\0\0\0\0\0\0\0\0\0\0\0\0\0\0\0\0\0\0\0\0\0\0\0\0\0\0\0\0\0\0\0\0\0\0\0\0\0\0\0\0\0\0\0\0\0\0\0\0\0\0\0\0\0\0\0\0\0\0\0\0\0\0\0\0\0\0\0\0\0\0\0\0\0\0\0\0\0\0\0\0\0\0\0\0\0\0\0\0\0\0\0\0\0\0\0\0\0\0\0\0\0\0\0\0\0\0\0\0\0\0\0\0\0\0\0\0\0\0\0\0\0\0\0\0\0\0\0\0\0\0\0\0\0\0\0\0\0\0\0\0\0\0\0\0\0\0\0\0\0\0\0\0\0\0\0\0\0\0\0\0\0\0\0\0\0\0\0\0\0\0\0\0\0\0\0\0\0\0\0\0\0\0\0\0\0\0\0\0\0\0\0\0\0\0\0\0\0\0\0\0\0\0\0\0\0\0\0\0\0\0\0\0\0\0\0\0\0\0\0\0\0\0\0\0\0\0\0\0\0\0\0\0\0\0\0\0\0\0\0\0\0\0\0\0\0\0\0\0\0\0\0\0"..., 131072) = 131072 <0.000017>
7104  16:14:48.430330 write(11, "\0\0\0\0\0\0\0\0\0\0\0\0\0\0\0\0\0\0\0\0\0\0\0\0\0\0\0\0\0\0\0\0\0\0\0\0\0\0\0\0\0\0\0\0\0\0\0\0\0\0\0\0\0\0\0\0\0\0\0\0\0\0\0\0\0\0\0\0\0\0\0\0\0\0\0\0\0\0\0\0\0\0\0\0\0\0\0\0\0\0\0\0\0\0\0\0\0\0\0\0\0\0\0\0\0\0\0\0\0\0\0\0\0\0\0\0\0\0\0\0\0\0\0\0\0\0\0\0\0\0\0\0\0\0\0\0\0\0\0\0\0\0\0\0\0\0\0\0\0\0\0\0\0\0\0\0\0\0\0\0\0\0\0\0\0\0\0\0\0\0\0\0\0\0\0\0\0\0\0\0\0\0\0\0\0\0\0\0\0\0\0\0\0\0\0\0\0\0\0\0\0\0\0\0\0\0\0\0\0\0\0\0\0\0\0\0\0\0\0\0\0\0\0\0\0\0\0\0\0\0\0\0\0\0\0\0\0\0\0\0\0\0\0\0\0\0\0\0\0\0\0\0\0\0\0\0\0\0\0\0\0\0\0\0\0\0\0\0\0\0\0\0\0\0\0\0\0\0\0\0\0\0\0\0\0\0\0\0\0\0\0\0\0\0\0\0\0\0\0\0\0\0\0\0\0\0\0\0\0\0\0\0\0\0\0\0\0\0\0\0\0\0\0\0\0\0\0\0\0\0\0\0\0\0\0\0\0\0\0\0\0\0\0\0\0\0\0\0\0\0\0\0\0\0\0\0\0\0\0\0\0\0\0\0\0\0\0\0\0\0\0\0\0\0\0\0\0\0\0\0\0\0\0\0\0\0\0\0\0\0\0\0\0\0\0\0\0\0\0\0\0\0\0\0\0\0\0\0\0\0\0\0\0\0\0\0\0\0\0\0\0\0\0\0\0\0\0\0\0\0\0\0\0\0\0\0\0\0\0\0\0\0\0\0\0\0\0\0\0\0\0\0\0\0\0\0\0\0\0\0\0\0\0\0\0\0\0\0\0\0\0\0\0\0\0\0\0\0\0\0\0\0\0\0\0\0\0\0\0\0\0\0\0\0\0\0\0\0\0\0\0\0\0\0\0\0\0\0\0\0\0\0"..., 131072 <unfinished ...>
7097  16:14:48.430338 <... nanosleep resumed>NULL) = 0 <0.000087>
7105  16:14:48.430350 <... nanosleep resumed>NULL) = 0 <0.000061>
7097  16:14:48.430354 nanosleep({tv_sec=0, tv_nsec=20000},  <unfinished ...>
7105  16:14:48.430360 futex(0xc001100160, FUTEX_WAIT_PRIVATE, 0, NULL <unfinished ...>
7104  16:14:48.430364 <... write resumed>) = 131072 <0.000027>
7104  16:14:48.430373 futex(0xc001100160, FUTEX_WAKE_PRIVATE, 1 <unfinished ...>
7102  16:14:48.430378 <... read resumed>"\0\0\0\0\0\0\0\0\0\0\0\0\0\0\0\0\0\0\0\0\0\0\0\0\0\0\0\0\0\0\0\0\0\0\0\0\0\0\0\0\0\0\0\0\0\0\0\0\0\0\0\0\0\0\0\0\0\0\0\0\0\0\0\0\0\0\0\0\0\0\0\0\0\0\0\0\0\0\0\0\0\0\0\0\0\0\0\0\0\0\0\0\0\0\0\0\0\0\0\0\0\0\0\0\0\0\0\0\0\0\0\0\0\0\0\0\0\0\0\0\0\0\0\0\0\0\0\0\0\0\0\0\0\0\0\0\0\0\0\0\0\0\0\0\0\0\0\0\0\0\0\0\0\0\0\0\0\0\0\0\0\0\0\0\0\0\0\0\0\0\0\0\0\0\0\0\0\0\0\0\0\0\0\0\0\0\0\0\0\0\0\0\0\0\0\0\0\0\0\0\0\0\0\0\0\0\0\0\0\0\0\0\0\0\0\0\0\0\0\0\0\0\0\0\0\0\0\0\0\0\0\0\0\0\0\0\0\0\0\0\0\0\0\0\0\0\0\0\0\0\0\0\0\0\0\0\0\0\0\0\0\0\0\0\0\0\0\0\0\0\0\0\0\0\0\0\0\0\0\0\0\0\0\0\0\0\0\0\0\0\0\0\0\0\0\0\0\0\0\0\0\0\0\0\0\0\0\0\0\0\0\0\0\0\0\0\0\0\0\0\0\0\0\0\0\0\0\0\0\0\0\0\0\0\0\0\0\0\0\0\0\0\0\0\0\0\0\0\0\0\0\0\0\0\0\0\0\0\0\0\0\0\0\0\0\0\0\0\0\0\0\0\0\0\0\0\0\0\0\0\0\0\0\0\0\0\0\0\0\0\0\0\0\0\0\0\0\0\0\0\0\0\0\0\0\0\0\0\0\0\0\0\0\0\0\0\0\0\0\0\0\0\0\0\0\0\0\0\0\0\0\0\0\0\0\0\0\0\0\0\0\0\0\0\0\0\0\0\0\0\0\0\0\0\0\0\0\0\0\0\0\0\0\0\0\0\0\0\0\0\0\0\0\0\0\0\0\0\0\0\0\0\0\0\0\0\0\0\0\0\0\0\0\0\0\0\0\0\0\0\0\0\0\0\0\0\0\0\0\0\0\0"..., 1048576) = 1048576 <0.000457>
7105  16:14:48.430385 <... futex resumed>) = 0 <0.000021>
7104  16:14:48.430388 <... futex resumed>) = 1 <0.000011>
7105  16:14:48.430393 nanosleep({tv_sec=0, tv_nsec=3000},  <unfinished ...>
7104  16:14:48.430402 write(11, "\0\0\0\0\0\0\0\0\0\0\0\0\0\0\0\0\0\0\0\0\0\0\0\0\0\0\0\0\0\0\0\0\0\0\0\0\0\0\0\0\0\0\0\0\0\0\0\0\0\0\0\0\0\0\0\0\0\0\0\0\0\0\0\0\0\0\0\0\0\0\0\0\0\0\0\0\0\0\0\0\0\0\0\0\0\0\0\0\0\0\0\0\0\0\0\0\0\0\0\0\0\0\0\0\0\0\0\0\0\0\0\0\0\0\0\0\0\0\0\0\0\0\0\0\0\0\0\0\0\0\0\0\0\0\0\0\0\0\0\0\0\0\0\0\0\0\0\0\0\0\0\0\0\0\0\0\0\0\0\0\0\0\0\0\0\0\0\0\0\0\0\0\0\0\0\0\0\0\0\0\0\0\0\0\0\0\0\0\0\0\0\0\0\0\0\0\0\0\0\0\0\0\0\0\0\0\0\0\0\0\0\0\0\0\0\0\0\0\0\0\0\0\0\0\0\0\0\0\0\0\0\0\0\0\0\0\0\0\0\0\0\0\0\0\0\0\0\0\0\0\0\0\0\0\0\0\0\0\0\0\0\0\0\0\0\0\0\0\0\0\0\0\0\0\0\0\0\0\0\0\0\0\0\0\0\0\0\0\0\0\0\0\0\0\0\0\0\0\0\0\0\0\0\0\0\0\0\0\0\0\0\0\0\0\0\0\0\0\0\0\0\0\0\0\0\0\0\0\0\0\0\0\0\0\0\0\0\0\0\0\0\0\0\0\0\0\0\0\0\0\0\0\0\0\0\0\0\0\0\0\0\0\0\0\0\0\0\0\0\0\0\0\0\0\0\0\0\0\0\0\0\0\0\0\0\0\0\0\0\0\0\0\0\0\0\0\0\0\0\0\0\0\0\0\0\0\0\0\0\0\0\0\0\0\0\0\0\0\0\0\0\0\0\0\0\0\0\0\0\0\0\0\0\0\0\0\0\0\0\0\0\0\0\0\0\0\0\0\0\0\0\0\0\0\0\0\0\0\0\0\0\0\0\0\0\0\0\0\0\0\0\0\0\0\0\0\0\0\0\0\0\0\0\0\0\0\0\0\0\0\0\0\0\0\0\0\0\0\0\0\0\0\0\0\0\0\0\0\0\0\0\0"..., 131072) = 131072 <0.000016>
7104  16:14:48.430435 write(11, "\0\0\0\0\0\0\0\0\0\0\0\0\0\0\0\0\0\0\0\0\0\0\0\0\0\0\0\0\0\0\0\0\0\0\0\0\0\0\0\0\0\0\0\0\0\0\0\0\0\0\0\0\0\0\0\0\0\0\0\0\0\0\0\0\0\0\0\0\0\0\0\0\0\0\0\0\0\0\0\0\0\0\0\0\0\0\0\0\0\0\0\0\0\0\0\0\0\0\0\0\0\0\0\0\0\0\0\0\0\0\0\0\0\0\0\0\0\0\0\0\0\0\0\0\0\0\0\0\0\0\0\0\0\0\0\0\0\0\0\0\0\0\0\0\0\0\0\0\0\0\0\0\0\0\0\0\0\0\0\0\0\0\0\0\0\0\0\0\0\0\0\0\0\0\0\0\0\0\0\0\0\0\0\0\0\0\0\0\0\0\0\0\0\0\0\0\0\0\0\0\0\0\0\0\0\0\0\0\0\0\0\0\0\0\0\0\0\0\0\0\0\0\0\0\0\0\0\0\0\0\0\0\0\0\0\0\0\0\0\0\0\0\0\0\0\0\0\0\0\0\0\0\0\0\0\0\0\0\0\0\0\0\0\0\0\0\0\0\0\0\0\0\0\0\0\0\0\0\0\0\0\0\0\0\0\0\0\0\0\0\0\0\0\0\0\0\0\0\0\0\0\0\0\0\0\0\0\0\0\0\0\0\0\0\0\0\0\0\0\0\0\0\0\0\0\0\0\0\0\0\0\0\0\0\0\0\0\0\0\0\0\0\0\0\0\0\0\0\0\0\0\0\0\0\0\0\0\0\0\0\0\0\0\0\0\0\0\0\0\0\0\0\0\0\0\0\0\0\0\0\0\0\0\0\0\0\0\0\0\0\0\0\0\0\0\0\0\0\0\0\0\0\0\0\0\0\0\0\0\0\0\0\0\0\0\0\0\0\0\0\0\0\0\0\0\0\0\0\0\0\0\0\0\0\0\0\0\0\0\0\0\0\0\0\0\0\0\0\0\0\0\0\0\0\0\0\0\0\0\0\0\0\0\0\0\0\0\0\0\0\0\0\0\0\0\0\0\0\0\0\0\0\0\0\0\0\0\0\0\0\0\0\0\0\0\0\0\0\0\0\0\0\0\0\0\0\0\0\0\0\0\0"..., 131072 <unfinished ...>
7097  16:14:48.430443 <... nanosleep resumed>NULL) = 0 <0.000084>
7104  16:14:48.430447 <... write resumed>) = 14848 <0.000006>
7097  16:14:48.430453 nanosleep({tv_sec=0, tv_nsec=20000},  <unfinished ...>
7105  16:14:48.430459 <... nanosleep resumed>NULL) = 0 <0.000061>
